=== 恶魔轮盘赌日志 2026-05-17 18:00:58 ===
[18:00:58.971] 
==================================================
[18:00:58.971] [GAME] 游戏开始: 我方agent vs 贪心对手
[18:00:58.972] [EVENT] 装填完毕：实弹×2 空弹×2，共4发
[18:00:58.973] [RELOAD] 真实子弹顺序: [ 空弹 | 实弹 | 实弹 | 空弹 ]
[18:00:58.973] [RELOAD] 我方agent 获取道具: beer, expired_medicine, phone
[18:00:58.973] [RELOAD] 贪心对手 获取道具: phone, handsaw, inverter
[18:00:58.973] --- 回合 1: 我方agent ---
[18:01:41.471] [INPUT] 我方agent 原始输入: 'use:啤酒'
[18:01:41.473] [PARSE] 我方agent 解析队列: [('use', 'beer')]
[18:01:41.473] [EVENT] 我方agent 喝啤酒弹出【空弹】，剩余3发
[18:01:41.473] [ITEM] 我方agent 啤酒弹出: 空弹. 剩余子弹序列改变
[18:02:32.811] [INPUT] 我方agent 原始输入: 'use:电话'
[18:02:32.813] [PARSE] 我方agent 解析队列: [('use', 'phone')]
[18:02:32.813] [ITEM] 我方agent 电话查看第3发: 空弹
[18:02:32.814] [EVENT] 我方agent 使用了电话（私密）
[18:03:26.964] [INPUT] 我方agent 原始输入: '直接打对手。枪口实弹概率2/3，打自己风险太高。过期药在满血时期望值只有+0.5血，浪费概率一半，留到残血再用更值。\n\nshoot:opponent'
[18:03:26.965] [PARSE] 我方agent 解析队列: [('invalid', '直接打对手。枪口实弹概率2/3，打自己风险太高。过期药在满血时期望值只有+0.5血，浪费概率一半，留到残血再用更值。\n\nshoot:opponent')]
[18:03:26.965] [EVENT] ⚠ 我方agent 输出了无效动作: '直接打对手。枪口实弹概率2/3，打自己风险太高。过期药在满血时期望值只有+0.5血，浪费概率一半，留到残血再用更值。\n\nshoot:opponent'
[18:03:26.965] [ERROR] 我方agent 无效动作: '直接打对手。枪口实弹概率2/3，打自己风险太高。过期药在满血时期望值只有+0.5血，浪费概率一半，留到残血再用更值。\n\nshoot:opponent'，清空剩余动作队列
