=== 恶魔轮盘赌日志 2026-05-17 18:11:32 ===
[18:11:32.595] 
==================================================
[18:11:32.595] [GAME] 游戏开始: 我方agent vs 贪心对手
[18:11:32.596] [EVENT] 装填完毕：实弹×4 空弹×3，共7发
[18:11:32.596] [RELOAD] 真实子弹顺序: [ 实弹 | 实弹 | 空弹 | 实弹 | 空弹 | 实弹 | 空弹 ]
[18:11:32.596] [RELOAD] 我方agent 获取道具: cigarettes
[18:11:32.596] [RELOAD] 贪心对手 获取道具: handsaw
[18:11:32.597] --- 回合 1: 我方agent ---
[18:12:36.433] [INPUT] 我方agent 完整回复:
shoot:self
[18:12:36.435] [EXTRACT] 我方agent 提取执行行: shoot:self
[18:12:36.435] [PARSE] 我方agent 解析队列: [('shoot', 'self')]
[18:12:36.435] [EVENT] [实弹] 我方agent → 我方agent  伤害:1  HP:3
[18:12:36.435] [SHOOT] [实弹] 我方agent → 我方agent  伤害:1  HP:3 | 剩余枪膛: 6发
[18:12:36.435] [TURN] 回合结束，轮到 贪心对手
[18:12:36.435] --- 回合 2: 贪心对手 ---
[18:12:36.438] [INPUT] 贪心对手 完整回复:
use:handsaw
[18:12:36.438] [EXTRACT] 贪心对手 提取执行行: use:handsaw
[18:12:36.438] [PARSE] 贪心对手 解析队列: [('use', 'handsaw')]
[18:12:36.438] [EVENT] 贪心对手 锯短枪管 → 下次伤害×2
[18:12:36.439] [INPUT] 贪心对手 完整回复:
shoot:opponent
[18:12:36.439] [EXTRACT] 贪心对手 提取执行行: shoot:opponent
[18:12:36.439] [PARSE] 贪心对手 解析队列: [('shoot', 'opponent')]
[18:12:36.439] [EVENT] [实弹] 贪心对手 → 我方agent  伤害:2  HP:1
[18:12:36.439] [SHOOT] [实弹] 贪心对手 → 我方agent  伤害:2  HP:1 | 剩余枪膛: 5发
[18:12:36.440] [TURN] 回合结束，轮到 我方agent
[18:12:36.440] --- 回合 3: 我方agent ---
[18:13:44.969] [INPUT] 我方agent 完整回复:

[18:13:44.971] [EXTRACT] 我方agent 提取执行行: 
[18:13:44.971] [PARSE] 我方agent 解析队列: [('invalid', '')]
[18:13:44.971] [EVENT] ⚠ 我方agent 输出了无效动作: ''
[18:13:44.971] [ERROR] 我方agent 无效动作: ''，清空剩余动作队列
[18:14:49.549] [INPUT] 我方agent 完整回复:
use:香烟
[18:14:49.551] [EXTRACT] 我方agent 提取执行行: use:香烟
[18:14:49.551] [PARSE] 我方agent 解析队列: [('use', 'cigarettes')]
[18:14:49.551] [EVENT] 我方agent 吸烟 → HP 2
[18:15:44.503] [INPUT] 我方agent 完整回复:
use:香烟
[18:15:44.505] [EXTRACT] 我方agent 提取执行行: use:香烟
[18:15:44.505] [PARSE] 我方agent 解析队列: [('use', 'cigarettes')]
[18:15:44.506] [EVENT] ⚠ 我方agent 使用了不存在的道具: cigarettes
