=== 恶魔轮盘赌日志 2026-05-17 18:37:55 ===
[18:37:55.489] 
==================================================
[18:37:55.489] [GAME] 游戏开始: 大模型 vs 贪心
[18:37:55.489] [EVENT] 装填完毕：实弹×3 空弹×4，共7发
[18:37:55.489] [RELOAD] 真实子弹顺序: [ 空弹 | 实弹 | 实弹 | 空弹 | 空弹 | 空弹 | 实弹 ]
[18:37:55.489] [RELOAD] 大模型 获取道具: handcuffs
[18:37:55.489] [RELOAD] 贪心 获取道具: beer
[18:37:55.489] --- 回合 1: 大模型 ---
[18:38:17.674] [INPUT] 大模型 完整回复:
第一回合，枪膛里实弹概率约43%，空弹概率57%。我们没有放大镜，唯一道具是手铐，应该保留到关键时刻。对自己开枪赌空弹是合理的开局策略：如果是空弹，我们不仅获得额外回合，还能知道至少一发是空弹，为后续决策提供信息；如果是实弹，损失1血尚可接受，同时也能知道第一发是实弹，并轮到对手，不算太亏。先试探一发。

shoot:self
[18:38:17.675] [EXTRACT] 大模型 提取执行行: shoot:self
[18:38:17.675] [PARSE] 大模型 解析队列: [('shoot', 'self')]
[18:38:17.675] [EVENT] [空弹] 大模型 → 大模型 伤害:0 HP:4
[18:38:17.675] [SHOOT] [空弹] 大模型 → 大模型 伤害:0 HP:4 | 剩余枪膛: 6发
[18:38:17.675] [EVENT] 大模型 空弹自射，继续行动
[18:38:17.676] [TURN] 大模型 空弹自射，继续行动
[18:38:38.674] [INPUT] 大模型 完整回复:
当前局势：已知第一发是空弹，我们成功蹭到一个额外回合。现在枪膛剩余6发，3实3空。我们唯一的道具是手铐，需要保留到关键时刻。信息不足时，再次对自己开枪是一个合理的选择：如果是空弹，我们继续行动并进一步压缩空弹比例，后续优势更大；如果是实弹，虽然损失1血，但可确认子弹信息，并将一个实弹较多的局面留给对手（剩余2实3空）。这局初期值得再赌一次。

shoot:self
[18:38:38.675] [EXTRACT] 大模型 提取执行行: shoot:self
[18:38:38.675] [PARSE] 大模型 解析队列: [('shoot', 'self')]
[18:38:38.675] [EVENT] [实弹] 大模型 → 大模型 伤害:1 HP:3
[18:38:38.675] [SHOOT] [实弹] 大模型 → 大模型 伤害:1 HP:3 | 剩余枪膛: 5发
[18:38:38.675] [TURN] 回合结束，轮到 贪心
[18:38:38.675] --- 回合 2: 贪心 ---
[18:38:38.676] [INPUT] 贪心 完整回复:
use:beer
[18:38:38.676] [EXTRACT] 贪心 提取执行行: use:beer
[18:38:38.676] [PARSE] 贪心 解析队列: [('use', 'beer')]
[18:38:38.676] [EVENT] 贪心 喝啤酒弹出【实弹】，剩余4发
[18:38:38.676] [ITEM] 贪心 啤酒弹出: 实弹. 剩余子弹序列改变
[18:38:38.677] [INPUT] 贪心 完整回复:
shoot:self
[18:38:38.677] [EXTRACT] 贪心 提取执行行: shoot:self
[18:38:38.677] [PARSE] 贪心 解析队列: [('shoot', 'self')]
[18:38:38.677] [EVENT] [空弹] 贪心 → 贪心 伤害:0 HP:4
[18:38:38.677] [SHOOT] [空弹] 贪心 → 贪心 伤害:0 HP:4 | 剩余枪膛: 3发
[18:38:38.677] [EVENT] 贪心 空弹自射，继续行动
[18:38:38.677] [TURN] 贪心 空弹自射，继续行动
[18:38:38.677] [INPUT] 贪心 完整回复:
shoot:self
[18:38:38.677] [EXTRACT] 贪心 提取执行行: shoot:self
[18:38:38.678] [PARSE] 贪心 解析队列: [('shoot', 'self')]
[18:38:38.678] [EVENT] [空弹] 贪心 → 贪心 伤害:0 HP:4
[18:38:38.678] [SHOOT] [空弹] 贪心 → 贪心 伤害:0 HP:4 | 剩余枪膛: 2发
[18:38:38.678] [EVENT] 贪心 空弹自射，继续行动
[18:38:38.678] [TURN] 贪心 空弹自射，继续行动
[18:38:38.678] [INPUT] 贪心 完整回复:
shoot:opponent
[18:38:38.678] [EXTRACT] 贪心 提取执行行: shoot:opponent
[18:38:38.678] [PARSE] 贪心 解析队列: [('shoot', 'opponent')]
[18:38:38.678] [EVENT] [空弹] 贪心 → 大模型 伤害:0 HP:3
[18:38:38.678] [SHOOT] [空弹] 贪心 → 大模型 伤害:0 HP:3 | 剩余枪膛: 1发
[18:38:38.678] [TURN] 回合结束，轮到 大模型
[18:38:38.678] --- 回合 3: 大模型 ---
[18:39:03.268] [INPUT] 大模型 完整回复:
已知枪膛仅剩一发实弹，这是确定信息。此时使用手铐可以最大化优势：先用手铐锁住对手，然后直接开枪，造成1点伤害的同时让对手跳过下一回合，这样下一轮装填后我们仍将获得先手。完美时机。

use:手铐; shoot:对手
[18:39:03.270] [EXTRACT] 大模型 提取执行行: use:手铐; shoot:对手
[18:39:03.270] [PARSE] 大模型 解析队列: [('use', 'handcuffs'), ('shoot', 'opponent')]
[18:39:03.270] [EVENT] 大模型 铐住了 贪心
[18:39:03.270] [EVENT] [实弹] 大模型 → 贪心 伤害:1 HP:3
[18:39:03.270] [SHOOT] [实弹] 大模型 → 贪心 伤害:1 HP:3 | 剩余枪膛: 0发
[18:39:03.271] [TURN] 回合结束，轮到 贪心
[18:39:03.271] --- 回合 4: 贪心 ---
[18:39:03.271] [EVENT] 贪心 被手铐跳过
[18:39:03.271] [TURN] 贪心 被手铐跳过
[18:39:03.271] --- 回合 5: 大模型 ---
[18:39:03.272] [EVENT] 装填完毕：实弹×2 空弹×4，共6发
[18:39:03.272] [RELOAD] 真实子弹顺序: [ 空弹 | 空弹 | 空弹 | 实弹 | 实弹 | 空弹 ]
[18:39:03.272] [RELOAD] 大模型 获取道具: cigarettes
[18:39:03.272] [RELOAD] 贪心 获取道具: beer
[18:39:12.293] [INPUT] 大模型 完整回复:

[18:39:12.294] [EXTRACT] 大模型 提取执行行: 
[18:39:12.294] [PARSE] 大模型 解析队列: [('invalid', '')]
[18:39:12.294] [EVENT] ⚠ 大模型 输出了无效动作: ''
[18:39:12.294] [ERROR] 大模型 无效动作: ''，清空剩余动作队列
[18:39:22.191] [INPUT] 大模型 完整回复:
枪膛实弹概率较低（2/6≈33%），空弹概率较高，作为先手，对自己开枪赌空弹是稳健的信息获取策略。若为空弹，我们能继续行动并压缩空弹数量，进一步增加后续对手开枪时撞到实弹的概率；若为实弹，虽损失1血，但可确认子弹状态并让回合转移，局面仍属可控。香烟保留以备后续回血。

shoot:self
[18:39:22.192] [EXTRACT] 大模型 提取执行行: shoot:self
[18:39:22.192] [PARSE] 大模型 解析队列: [('shoot', 'self')]
[18:39:22.192] [EVENT] [空弹] 大模型 → 大模型 伤害:0 HP:3
[18:39:22.193] [SHOOT] [空弹] 大模型 → 大模型 伤害:0 HP:3 | 剩余枪膛: 5发
[18:39:22.193] [EVENT] 大模型 空弹自射，继续行动
[18:39:22.193] [TURN] 大模型 空弹自射，继续行动
[18:39:30.667] [INPUT] 大模型 完整回复:

[18:39:30.668] [EXTRACT] 大模型 提取执行行: 
[18:39:30.668] [PARSE] 大模型 解析队列: [('invalid', '')]
[18:39:30.669] [EVENT] ⚠ 大模型 输出了无效动作: ''
[18:39:30.669] [ERROR] 大模型 无效动作: ''，清空剩余动作队列
[18:39:42.171] [INPUT] 大模型 完整回复:
继续赌空弹，争取额外回合。

shoot:self
[18:39:42.171] [EXTRACT] 大模型 提取执行行: shoot:self
[18:39:42.172] [PARSE] 大模型 解析队列: [('shoot', 'self')]
[18:39:42.172] [EVENT] [空弹] 大模型 → 大模型 伤害:0 HP:3
[18:39:42.172] [SHOOT] [空弹] 大模型 → 大模型 伤害:0 HP:3 | 剩余枪膛: 4发
[18:39:42.172] [EVENT] 大模型 空弹自射，继续行动
[18:39:42.173] [TURN] 大模型 空弹自射，继续行动
[18:39:59.836] [INPUT] 大模型 完整回复:
使用香烟恢复生命值，稳扎稳打，让对手面对2实2弹的不利局面。

use:香烟
[18:39:59.837] [EXTRACT] 大模型 提取执行行: use:香烟
[18:39:59.837] [PARSE] 大模型 解析队列: [('use', 'cigarettes')]
[18:39:59.837] [EVENT] 大模型 吸烟 → HP 4
[18:40:08.721] [INPUT] 大模型 完整回复:
现在实弹密度已达50%，继续赌自残风险太高。把压力转给对手，直接开枪。

shoot:opponent
[18:40:08.721] [EXTRACT] 大模型 提取执行行: shoot:opponent
[18:40:08.721] [PARSE] 大模型 解析队列: [('shoot', 'opponent')]
[18:40:08.721] [EVENT] [空弹] 大模型 → 贪心 伤害:0 HP:3
[18:40:08.722] [SHOOT] [空弹] 大模型 → 贪心 伤害:0 HP:3 | 剩余枪膛: 3发
[18:40:08.722] [TURN] 回合结束，轮到 贪心
[18:40:08.722] --- 回合 6: 贪心 ---
[18:40:08.722] [INPUT] 贪心 完整回复:
use:beer
[18:40:08.722] [EXTRACT] 贪心 提取执行行: use:beer
[18:40:08.722] [PARSE] 贪心 解析队列: [('use', 'beer')]
[18:40:08.722] [EVENT] 贪心 喝啤酒弹出【实弹】，剩余2发
[18:40:08.722] [ITEM] 贪心 啤酒弹出: 实弹. 剩余子弹序列改变
[18:40:08.723] [INPUT] 贪心 完整回复:
shoot:opponent
[18:40:08.723] [EXTRACT] 贪心 提取执行行: shoot:opponent
[18:40:08.723] [PARSE] 贪心 解析队列: [('shoot', 'opponent')]
[18:40:08.723] [EVENT] [实弹] 贪心 → 大模型 伤害:1 HP:3
[18:40:08.723] [SHOOT] [实弹] 贪心 → 大模型 伤害:1 HP:3 | 剩余枪膛: 1发
[18:40:08.723] [TURN] 回合结束，轮到 大模型
[18:40:08.723] --- 回合 7: 大模型 ---
[18:40:18.542] [INPUT] 大模型 完整回复:
枪膛仅剩一发确认的空弹，自射可以无损触发下一轮装填并保留先手，是最优选择。

shoot:self
[18:40:18.543] [EXTRACT] 大模型 提取执行行: shoot:self
[18:40:18.543] [PARSE] 大模型 解析队列: [('shoot', 'self')]
[18:40:18.544] [EVENT] [空弹] 大模型 → 大模型 伤害:0 HP:3
[18:40:18.544] [SHOOT] [空弹] 大模型 → 大模型 伤害:0 HP:3 | 剩余枪膛: 0发
[18:40:18.544] [EVENT] 大模型 空弹自射，继续行动
[18:40:18.544] [TURN] 大模型 空弹自射，继续行动
[18:40:18.545] [EVENT] 装填完毕：实弹×2 空弹×1，共3发
[18:40:18.545] [RELOAD] 真实子弹顺序: [ 实弹 | 空弹 | 实弹 ]
[18:40:18.545] [RELOAD] 大模型 获取道具: beer, handcuffs, phone
[18:40:18.545] [RELOAD] 贪心 获取道具: cigarettes, handsaw, cigarettes
[18:40:35.107] [INPUT] 大模型 完整回复:
先用电话获取关键信息，再做决策。

use:电话
[18:40:35.107] [EXTRACT] 大模型 提取执行行: use:电话
[18:40:35.107] [PARSE] 大模型 解析队列: [('use', 'phone')]
[18:40:35.107] [ITEM] 大模型 电话查看第3发: 实弹
[18:40:35.108] [EVENT] 大模型 使用了电话（私密）
[18:41:53.133] [INPUT] 大模型 完整回复:
根据电话情报，枪膛第3发是实弹，前两发一实一空。最佳路线是使用手铐赌第一发，无论结果都能稳定赚取优势：若第一发为实弹，可连打两次造成2伤；若为空弹，用啤酒退掉第二发实弹再打第三发，仍能无伤输出。行动如下。

use:手铐; shoot:opponent
[18:41:53.133] [EXTRACT] 大模型 提取执行行: use:手铐; shoot:opponent
[18:41:53.134] [PARSE] 大模型 解析队列: [('use', 'handcuffs'), ('shoot', 'opponent')]
[18:41:53.134] [EVENT] 大模型 铐住了 贪心
[18:41:53.134] [EVENT] [实弹] 大模型 → 贪心 伤害:1 HP:2
[18:41:53.134] [SHOOT] [实弹] 大模型 → 贪心 伤害:1 HP:2 | 剩余枪膛: 2发
[18:41:53.134] [TURN] 回合结束，轮到 贪心
[18:41:53.134] --- 回合 8: 贪心 ---
[18:41:53.134] [EVENT] 贪心 被手铐跳过
[18:41:53.135] [TURN] 贪心 被手铐跳过
[18:41:53.135] --- 回合 9: 大模型 ---
[18:42:09.904] [INPUT] 大模型 完整回复:
用啤酒弹掉已知空弹，让对手直面最后一发实弹。

use:啤酒; shoot:对手
[18:42:09.906] [EXTRACT] 大模型 提取执行行: use:啤酒; shoot:对手
[18:42:09.906] [PARSE] 大模型 解析队列: [('use', 'beer'), ('shoot', 'opponent')]
[18:42:09.906] [EVENT] 大模型 喝啤酒弹出【空弹】，剩余1发
[18:42:09.907] [ITEM] 大模型 啤酒弹出: 空弹. 剩余子弹序列改变
[18:42:09.907] [EVENT] [实弹] 大模型 → 贪心 伤害:1 HP:1
[18:42:09.907] [SHOOT] [实弹] 大模型 → 贪心 伤害:1 HP:1 | 剩余枪膛: 0发
[18:42:09.907] [TURN] 回合结束，轮到 贪心
[18:42:09.908] --- 回合 10: 贪心 ---
[18:42:09.908] [EVENT] 装填完毕：实弹×1 空弹×2，共3发
[18:42:09.908] [RELOAD] 真实子弹顺序: [ 实弹 | 空弹 | 空弹 ]
[18:42:09.908] [RELOAD] 大模型 获取道具: magnifying_glass, phone
[18:42:09.909] [RELOAD] 贪心 获取道具: cigarettes, handsaw, cigarettes, phone, phone
[18:42:09.909] [INPUT] 贪心 完整回复:
use:handsaw
[18:42:09.909] [EXTRACT] 贪心 提取执行行: use:handsaw
[18:42:09.910] [PARSE] 贪心 解析队列: [('use', 'handsaw')]
[18:42:09.910] [EVENT] 贪心 锯短枪管 → 下次伤害×2
[18:42:09.910] [INPUT] 贪心 完整回复:
use:phone
[18:42:09.910] [EXTRACT] 贪心 提取执行行: use:phone
[18:42:09.910] [PARSE] 贪心 解析队列: [('use', 'phone')]
[18:42:09.911] [ITEM] 贪心 电话查看第3发: 空弹
[18:42:09.911] [EVENT] 贪心 使用了电话（私密）
[18:42:09.911] [INPUT] 贪心 完整回复:
use:phone
[18:42:09.911] [EXTRACT] 贪心 提取执行行: use:phone
[18:42:09.911] [PARSE] 贪心 解析队列: [('use', 'phone')]
[18:42:09.911] [ITEM] 贪心 电话查看第2发: 空弹
[18:42:09.912] [EVENT] 贪心 使用了电话（私密）
[18:42:09.912] [INPUT] 贪心 完整回复:
use:cigarettes
[18:42:09.912] [EXTRACT] 贪心 提取执行行: use:cigarettes
[18:42:09.912] [PARSE] 贪心 解析队列: [('use', 'cigarettes')]
[18:42:09.912] [EVENT] 贪心 吸烟 → HP 2
[18:42:09.912] [INPUT] 贪心 完整回复:
use:cigarettes
[18:42:09.913] [EXTRACT] 贪心 提取执行行: use:cigarettes
[18:42:09.913] [PARSE] 贪心 解析队列: [('use', 'cigarettes')]
[18:42:09.913] [EVENT] 贪心 吸烟 → HP 3
[18:42:09.913] [INPUT] 贪心 完整回复:
shoot:self
[18:42:09.913] [EXTRACT] 贪心 提取执行行: shoot:self
[18:42:09.914] [PARSE] 贪心 解析队列: [('shoot', 'self')]
[18:42:09.914] [EVENT] [实弹] 贪心 → 贪心 伤害:2 HP:1
[18:42:09.914] [SHOOT] [实弹] 贪心 → 贪心 伤害:2 HP:1 | 剩余枪膛: 2发
[18:42:09.914] [TURN] 回合结束，轮到 大模型
[18:42:09.914] --- 回合 11: 大模型 ---
[18:42:26.114] [INPUT] 大模型 完整回复:
枪膛清空两发空弹，触发装填后我们仍握先手及道具优势。稳赢局面，直接执行。

shoot:self; shoot:self
[18:42:26.115] [EXTRACT] 大模型 提取执行行: shoot:self; shoot:self
[18:42:26.115] [PARSE] 大模型 解析队列: [('shoot', 'self'), ('shoot', 'self')]
[18:42:26.115] [EVENT] [空弹] 大模型 → 大模型 伤害:0 HP:3
[18:42:26.115] [SHOOT] [空弹] 大模型 → 大模型 伤害:0 HP:3 | 剩余枪膛: 1发
[18:42:26.116] [EVENT] 大模型 空弹自射，继续行动
[18:42:26.116] [TURN] 大模型 空弹自射，继续行动
[18:42:26.116] [EVENT] [空弹] 大模型 → 大模型 伤害:0 HP:3
[18:42:26.116] [SHOOT] [空弹] 大模型 → 大模型 伤害:0 HP:3 | 剩余枪膛: 0发
[18:42:26.116] [EVENT] 大模型 空弹自射，继续行动
[18:42:26.116] [TURN] 大模型 空弹自射，继续行动
[18:42:26.116] [EVENT] 装填完毕：实弹×2 空弹×3，共5发
[18:42:26.117] [RELOAD] 真实子弹顺序: [ 空弹 | 空弹 | 实弹 | 空弹 | 实弹 ]
[18:42:26.117] [RELOAD] 大模型 获取道具: magnifying_glass, phone, cigarettes
[18:42:26.117] [RELOAD] 贪心 获取道具: phone
[18:42:31.042] [INPUT] 大模型 完整回复:
先用放大镜确认眼前子弹，再决定射击目标。

use:放大镜
[18:42:31.043] [EXTRACT] 大模型 提取执行行: use:放大镜
[18:42:31.044] [PARSE] 大模型 解析队列: [('use', 'magnifying_glass')]
[18:42:31.044] [EVENT] 大模型 使用了放大镜（私密）
[18:42:31.044] [ITEM] 大模型 放大镜看到: 空弹
[18:42:35.354] [INPUT] 大模型 完整回复:
当前子弹确认为空弹，自射赚取额外回合，保持压制。

shoot:self
[18:42:35.355] [EXTRACT] 大模型 提取执行行: shoot:self
[18:42:35.355] [PARSE] 大模型 解析队列: [('shoot', 'self')]
[18:42:35.355] [EVENT] [空弹] 大模型 → 大模型 伤害:0 HP:3
[18:42:35.356] [SHOOT] [空弹] 大模型 → 大模型 伤害:0 HP:3 | 剩余枪膛: 4发
[18:42:35.356] [EVENT] 大模型 空弹自射，继续行动
[18:42:35.356] [TURN] 大模型 空弹自射，继续行动
[18:42:58.827] [INPUT] 大模型 完整回复:
当前局面，对手仅1血，2实2空，直接开枪有50%胜率。即便空弹，我们仍有血量和道具优势。

shoot:opponent
[18:42:58.828] [EXTRACT] 大模型 提取执行行: shoot:opponent
[18:42:58.829] [PARSE] 大模型 解析队列: [('shoot', 'opponent')]
[18:42:58.829] [EVENT] [空弹] 大模型 → 贪心 伤害:0 HP:1
[18:42:58.829] [SHOOT] [空弹] 大模型 → 贪心 伤害:0 HP:1 | 剩余枪膛: 3发
[18:42:58.829] [TURN] 回合结束，轮到 贪心
[18:42:58.829] --- 回合 12: 贪心 ---
[18:42:58.829] [INPUT] 贪心 完整回复:
use:phone
[18:42:58.829] [EXTRACT] 贪心 提取执行行: use:phone
[18:42:58.829] [PARSE] 贪心 解析队列: [('use', 'phone')]
[18:42:58.830] [ITEM] 贪心 电话查看第3发: 实弹
[18:42:58.830] [EVENT] 贪心 使用了电话（私密）
[18:42:58.830] [INPUT] 贪心 完整回复:
shoot:opponent
[18:42:58.830] [EXTRACT] 贪心 提取执行行: shoot:opponent
[18:42:58.830] [PARSE] 贪心 解析队列: [('shoot', 'opponent')]
[18:42:58.830] [EVENT] [实弹] 贪心 → 大模型 伤害:1 HP:2
[18:42:58.830] [SHOOT] [实弹] 贪心 → 大模型 伤害:1 HP:2 | 剩余枪膛: 2发
[18:42:58.830] [TURN] 回合结束，轮到 大模型
[18:42:58.830] --- 回合 13: 大模型 ---
[18:43:47.632] [INPUT] 大模型 完整回复:
使用电话获取子弹信息，再决定最后一击。

use:电话
[18:43:47.633] [EXTRACT] 大模型 提取执行行: use:电话
[18:43:47.633] [PARSE] 大模型 解析队列: [('use', 'phone')]
[18:43:47.634] [ITEM] 大模型 电话查看第2发: 实弹
[18:43:47.634] [EVENT] 大模型 使用了电话（私密）
[18:43:55.124] [INPUT] 大模型 完整回复:
已知枪膛顺序：第1发空弹，第2发实弹。自射空弹赚回合，再送对手实弹直接终结比赛。

shoot:self; shoot:opponent
[18:43:55.124] [EXTRACT] 大模型 提取执行行: shoot:self; shoot:opponent
[18:43:55.124] [PARSE] 大模型 解析队列: [('shoot', 'self'), ('shoot', 'opponent')]
[18:43:55.124] [EVENT] [空弹] 大模型 → 大模型 伤害:0 HP:2
[18:43:55.124] [SHOOT] [空弹] 大模型 → 大模型 伤害:0 HP:2 | 剩余枪膛: 1发
[18:43:55.124] [EVENT] 大模型 空弹自射，继续行动
[18:43:55.124] [TURN] 大模型 空弹自射，继续行动
[18:43:55.124] [EVENT] [实弹] 大模型 → 贪心 伤害:1 HP:0
[18:43:55.124] [SHOOT] [实弹] 大模型 → 贪心 伤害:1 HP:0 | 剩余枪膛: 0发
[18:43:55.124] [GAME] 游戏结束，胜者: 大模型
[18:43:55.124] 最终HP: 大模型=2, 贪心=0
