=== 恶魔轮盘赌日志 2026-05-17 18:27:59 ===
[18:27:59.570] 
==================================================
[18:27:59.571] [GAME] 游戏开始: 我方agent vs 贪心对手
[18:27:59.572] [EVENT] 装填完毕：实弹×2 空弹×4，共6发
[18:27:59.572] [RELOAD] 真实子弹顺序: [ 空弹 | 空弹 | 空弹 | 空弹 | 实弹 | 实弹 ]
[18:27:59.572] [RELOAD] 我方agent 获取道具: inverter, handcuffs, handsaw
[18:27:59.572] [RELOAD] 贪心对手 获取道具: inverter, expired_medicine, cigarettes
[18:27:59.572] --- 回合 1: 我方agent ---
[18:30:14.063] [INPUT] 我方agent 完整回复:
第一轮信息全黑，2实4空，空弹占优。我有手铐、手锯、逆变器——没有放大镜或电话，直接查弹膛不可行。

空弹对自己开等于白嫖行动权，但实弹自伤会交出手。手铐可以兜底：先用手铐再自射。如果空弹（67%），不换手继续行动，手铐保留；如果实弹（33%），自伤换手但对手被铐，行动权立刻回来。无论哪种，我都能稳定拿到连续两动，第二动再用逆变器+手锯搏高伤。

消耗手铐打一个稳健开局，值。

**use:手铐; shoot:self**
[18:30:14.064] [EXTRACT] 我方agent 提取执行行: **use:手铐; shoot:self**
[18:30:14.064] [PARSE] 我方agent 解析队列: [('invalid', '**use:手铐'), ('invalid', 'shoot:self**')]
[18:30:14.064] [EVENT] ⚠ 我方agent 输出了无效动作: '**use:手铐'
[18:30:14.065] [ERROR] 我方agent 无效动作: '**use:手铐'，清空剩余动作队列
[18:31:12.564] [INPUT] 我方agent 完整回复:
格式干净。同策略：手铐兜底，自射开局面。

use:手铐; shoot:self
[18:31:12.566] [EXTRACT] 我方agent 提取执行行: use:手铐; shoot:self
[18:31:12.566] [PARSE] 我方agent 解析队列: [('use', 'handcuffs'), ('shoot', 'self')]
[18:31:12.567] [EVENT] 我方agent 铐住了 贪心对手
[18:31:12.567] [EVENT] [空弹] 我方agent → 我方agent  伤害:0  HP:4
[18:31:12.567] [SHOOT] [空弹] 我方agent → 我方agent  伤害:0  HP:4 | 剩余枪膛: 5发
[18:31:12.567] [EVENT] 我方agent 空弹自射，继续行动
[18:31:12.567] [TURN] 我方agent 空弹自射，继续行动
