=== 恶魔轮盘赌日志 2026-05-17 18:18:16 ===
[18:18:16.921] 
==================================================
[18:18:16.921] [GAME] 游戏开始: 我方agent vs 贪心对手
[18:18:16.922] [EVENT] 装填完毕：实弹×1 空弹×3，共4发
[18:18:16.922] [RELOAD] 真实子弹顺序: [ 空弹 | 空弹 | 实弹 | 空弹 ]
[18:18:16.922] [RELOAD] 我方agent 获取道具: phone
[18:18:16.922] [RELOAD] 贪心对手 获取道具: handsaw
[18:18:16.923] --- 回合 1: 我方agent ---
[18:20:12.295] [INPUT] 我方agent 完整回复:
枪管4发，1实3空。黑暗森林第一步，试探比侦察便宜。

直接对自己开枪。空弹概率75%，一旦命中空弹，免费续行动权，电话还是捏着更灵活。实弹也不过-1换手，对手照样盲猜。

```
shoot:self
```
[18:20:12.296] [EXTRACT] 我方agent 提取执行行: ```
[18:20:12.296] [PARSE] 我方agent 解析队列: [('invalid', '```')]
[18:20:12.296] [EVENT] ⚠ 我方agent 输出了无效动作: '```'
[18:20:12.296] [ERROR] 我方agent 无效动作: '```'，清空剩余动作队列
[18:20:52.015] [INPUT] 我方agent 完整回复:
shoot:self
[18:20:52.016] [EXTRACT] 我方agent 提取执行行: shoot:self
[18:20:52.016] [PARSE] 我方agent 解析队列: [('shoot', 'self')]
[18:20:52.017] [EVENT] [空弹] 我方agent → 我方agent  伤害:0  HP:4
[18:20:52.017] [SHOOT] [空弹] 我方agent → 我方agent  伤害:0  HP:4 | 剩余枪膛: 3发
[18:20:52.017] [EVENT] 我方agent 空弹自射，继续行动
[18:20:52.017] [TURN] 我方agent 空弹自射，继续行动
[18:22:33.409] [INPUT] 我方agent 完整回复:
shoot:self
[18:22:33.411] [EXTRACT] 我方agent 提取执行行: shoot:self
[18:22:33.411] [PARSE] 我方agent 解析队列: [('shoot', 'self')]
[18:22:33.411] [EVENT] [空弹] 我方agent → 我方agent  伤害:0  HP:4
[18:22:33.411] [SHOOT] [空弹] 我方agent → 我方agent  伤害:0  HP:4 | 剩余枪膛: 2发
[18:22:33.411] [EVENT] 我方agent 空弹自射，继续行动
[18:22:33.411] [TURN] 我方agent 空弹自射，继续行动
[18:23:13.882] [INPUT] 我方agent 完整回复:
先探明情况再动手。电话查一发。

use phone; shoot:self
[18:23:13.883] [EXTRACT] 我方agent 提取执行行: use phone; shoot:self
[18:23:13.884] [PARSE] 我方agent 解析队列: [('use', 'phone'), ('shoot', 'self')]
[18:23:13.886] [ITEM] 我方agent 电话查看第2发: 空弹
[18:23:13.886] [EVENT] 我方agent 使用了电话（私密）
[18:23:13.886] [EVENT] [实弹] 我方agent → 我方agent  伤害:1  HP:3
[18:23:13.887] [SHOOT] [实弹] 我方agent → 我方agent  伤害:1  HP:3 | 剩余枪膛: 1发
[18:23:13.887] [TURN] 回合结束，轮到 贪心对手
[18:23:13.887] --- 回合 2: 贪心对手 ---
[18:23:13.888] [INPUT] 贪心对手 完整回复:
use:handsaw
[18:23:13.888] [EXTRACT] 贪心对手 提取执行行: use:handsaw
[18:23:13.888] [PARSE] 贪心对手 解析队列: [('use', 'handsaw')]
[18:23:13.888] [EVENT] 贪心对手 锯短枪管 → 下次伤害×2
[18:23:13.889] [INPUT] 贪心对手 完整回复:
shoot:self
[18:23:13.889] [EXTRACT] 贪心对手 提取执行行: shoot:self
[18:23:13.889] [PARSE] 贪心对手 解析队列: [('shoot', 'self')]
[18:23:13.889] [EVENT] [空弹] 贪心对手 → 贪心对手  伤害:0  HP:4
[18:23:13.889] [SHOOT] [空弹] 贪心对手 → 贪心对手  伤害:0  HP:4 | 剩余枪膛: 0发
[18:23:13.889] [EVENT] 贪心对手 空弹自射，继续行动
[18:23:13.889] [TURN] 贪心对手 空弹自射，继续行动
[18:23:13.890] [EVENT] 装填完毕：实弹×1 空弹×3，共4发
[18:23:13.890] [RELOAD] 真实子弹顺序: [ 空弹 | 实弹 | 空弹 | 空弹 ]
[18:23:13.890] [RELOAD] 我方agent 获取道具: phone, cigarettes
[18:23:13.890] [RELOAD] 贪心对手 获取道具: handcuffs, beer
[18:23:13.890] [INPUT] 贪心对手 完整回复:
use:beer
[18:23:13.890] [EXTRACT] 贪心对手 提取执行行: use:beer
[18:23:13.891] [PARSE] 贪心对手 解析队列: [('use', 'beer')]
[18:23:13.891] [EVENT] 贪心对手 喝啤酒弹出【空弹】，剩余3发
[18:23:13.891] [ITEM] 贪心对手 啤酒弹出: 空弹. 剩余子弹序列改变
[18:23:13.891] [INPUT] 贪心对手 完整回复:
use:handcuffs
[18:23:13.891] [EXTRACT] 贪心对手 提取执行行: use:handcuffs
[18:23:13.891] [PARSE] 贪心对手 解析队列: [('use', 'handcuffs')]
[18:23:13.891] [EVENT] 贪心对手 铐住了 我方agent
[18:23:13.891] [INPUT] 贪心对手 完整回复:
shoot:self
[18:23:13.891] [EXTRACT] 贪心对手 提取执行行: shoot:self
[18:23:13.892] [PARSE] 贪心对手 解析队列: [('shoot', 'self')]
[18:23:13.892] [EVENT] [实弹] 贪心对手 → 贪心对手  伤害:1  HP:3
[18:23:13.892] [SHOOT] [实弹] 贪心对手 → 贪心对手  伤害:1  HP:3 | 剩余枪膛: 2发
[18:23:13.892] [TURN] 回合结束，轮到 我方agent
[18:23:13.892] --- 回合 3: 我方agent ---
[18:23:13.892] [EVENT] 我方agent 被手铐跳过
[18:23:13.892] [TURN] 我方agent 被手铐跳过
[18:23:13.892] --- 回合 4: 贪心对手 ---
[18:23:13.892] [INPUT] 贪心对手 完整回复:
shoot:self
[18:23:13.892] [EXTRACT] 贪心对手 提取执行行: shoot:self
[18:23:13.892] [PARSE] 贪心对手 解析队列: [('shoot', 'self')]
[18:23:13.892] [EVENT] [空弹] 贪心对手 → 贪心对手  伤害:0  HP:3
[18:23:13.893] [SHOOT] [空弹] 贪心对手 → 贪心对手  伤害:0  HP:3 | 剩余枪膛: 1发
[18:23:13.893] [EVENT] 贪心对手 空弹自射，继续行动
[18:23:13.893] [TURN] 贪心对手 空弹自射，继续行动
[18:23:13.893] [INPUT] 贪心对手 完整回复:
shoot:self
[18:23:13.893] [EXTRACT] 贪心对手 提取执行行: shoot:self
[18:23:13.893] [PARSE] 贪心对手 解析队列: [('shoot', 'self')]
[18:23:13.893] [EVENT] [空弹] 贪心对手 → 贪心对手  伤害:0  HP:3
[18:23:13.893] [SHOOT] [空弹] 贪心对手 → 贪心对手  伤害:0  HP:3 | 剩余枪膛: 0发
[18:23:13.893] [EVENT] 贪心对手 空弹自射，继续行动
[18:23:13.893] [TURN] 贪心对手 空弹自射，继续行动
[18:23:13.893] [EVENT] 装填完毕：实弹×4 空弹×4，共8发
[18:23:13.894] [RELOAD] 真实子弹顺序: [ 实弹 | 实弹 | 实弹 | 空弹 | 空弹 | 空弹 | 实弹 | 空弹 ]
[18:23:13.894] [RELOAD] 我方agent 获取道具: phone, cigarettes, inverter, handcuffs, magnifying_glass
[18:23:13.894] [RELOAD] 贪心对手 获取道具: phone, inverter, beer
[18:23:13.894] [INPUT] 贪心对手 完整回复:
use:beer
[18:23:13.895] [EXTRACT] 贪心对手 提取执行行: use:beer
[18:23:13.895] [PARSE] 贪心对手 解析队列: [('use', 'beer')]
[18:23:13.895] [EVENT] 贪心对手 喝啤酒弹出【实弹】，剩余7发
[18:23:13.895] [ITEM] 贪心对手 啤酒弹出: 实弹. 剩余子弹序列改变
[18:23:13.895] [INPUT] 贪心对手 完整回复:
use:inverter
[18:23:13.895] [EXTRACT] 贪心对手 提取执行行: use:inverter
[18:23:13.895] [PARSE] 贪心对手 解析队列: [('use', 'inverter')]
[18:23:13.896] [EVENT] 贪心对手 使用逆变器 → 当前子弹已翻转
[18:23:13.896] [ITEM] 贪心对手 逆变器: 实弹 -> 空弹
[18:23:13.896] [INPUT] 贪心对手 完整回复:
use:phone
[18:23:13.896] [EXTRACT] 贪心对手 提取执行行: use:phone
[18:23:13.896] [PARSE] 贪心对手 解析队列: [('use', 'phone')]
[18:23:13.896] [ITEM] 贪心对手 电话查看第3发: 空弹
[18:23:13.896] [EVENT] 贪心对手 使用了电话（私密）
[18:23:13.896] [INPUT] 贪心对手 完整回复:
shoot:self
[18:23:13.896] [EXTRACT] 贪心对手 提取执行行: shoot:self
[18:23:13.897] [PARSE] 贪心对手 解析队列: [('shoot', 'self')]
[18:23:13.897] [EVENT] [空弹] 贪心对手 → 贪心对手  伤害:0  HP:3
[18:23:13.897] [SHOOT] [空弹] 贪心对手 → 贪心对手  伤害:0  HP:3 | 剩余枪膛: 6发
[18:23:13.897] [EVENT] 贪心对手 空弹自射，继续行动
[18:23:13.897] [TURN] 贪心对手 空弹自射，继续行动
[18:23:13.897] [INPUT] 贪心对手 完整回复:
shoot:self
[18:23:13.897] [EXTRACT] 贪心对手 提取执行行: shoot:self
[18:23:13.897] [PARSE] 贪心对手 解析队列: [('shoot', 'self')]
[18:23:13.897] [EVENT] [实弹] 贪心对手 → 贪心对手  伤害:1  HP:2
[18:23:13.897] [SHOOT] [实弹] 贪心对手 → 贪心对手  伤害:1  HP:2 | 剩余枪膛: 5发
[18:23:13.897] [TURN] 回合结束，轮到 我方agent
[18:23:13.898] --- 回合 5: 我方agent ---
[18:25:14.963] [INPUT] 我方agent 完整回复:
手里五张牌，对面裸奔。先看清第一发什么成色，再决定怎么扣扳机。1实4空——大概率是空弹。

```
use magnifier; shoot:self
```
[18:25:14.965] [EXTRACT] 我方agent 提取执行行: ```
[18:25:14.965] [PARSE] 我方agent 解析队列: [('invalid', '```')]
[18:25:14.966] [EVENT] ⚠ 我方agent 输出了无效动作: '```'
[18:25:14.966] [ERROR] 我方agent 无效动作: '```'，清空剩余动作队列
[18:26:23.039] [INPUT] 我方agent 完整回复:
use magnifier; shoot:self
[18:26:23.041] [EXTRACT] 我方agent 提取执行行: use magnifier; shoot:self
[18:26:23.041] [PARSE] 我方agent 解析队列: [('invalid', 'use magnifier'), ('shoot', 'self')]
[18:26:23.041] [EVENT] ⚠ 我方agent 输出了无效动作: 'use magnifier'
[18:26:23.042] [ERROR] 我方agent 无效动作: 'use magnifier'，清空剩余动作队列
